16:40:46 **** Incremental Build of configuration Debug for project ADC_singalC_multiChannel_interrupt ****
make -j4 all 
arm-none-eabi-gcc "../Core/Src/main.c" -mcpu=cortex-m3 -std=gnu11 -g3 -DDEBUG -DUSE_HAL_DRIVER -DSTM32F103x6 -c -I../Core/Inc -I../Drivers/STM32F1xx_HAL_Driver/Inc/Legacy -I../Drivers/STM32F1xx_HAL_Driver/Inc -I../Drivers/CMSIS/Device/ST/STM32F1xx/Include -I../Drivers/CMSIS/Include -O0 -ffunction-sections -fdata-sections -Wall -fstack-usage -fcyclomatic-complexity -MMD -MP -MF"Core/Src/main.d" -MT"Core/Src/main.o" --specs=nano.specs -mfloat-abi=soft -mthumb -o "Core/Src/main.o"
arm-none-eabi-gcc -o "ADC_singalC_multiChannel_interrupt.elf" @"objects.list"   -mcpu=cortex-m3 -T"E:\PERSONAL DATA\Embedded-C\STM32\STM32F103C6\ADC_singalC_multiChannel_interrupt\STM32F103C6TX_FLASH.ld" --specs=nosys.specs -Wl,-Map="ADC_singalC_multiChannel_interrupt.map" -Wl,--gc-sections -static --specs=nano.specs -mfloat-abi=soft -mthumb -u _printf_float -Wl,--start-group -lc -lm -Wl,--end-group
C:/ST/STM32CubeIDE_1.15.1/STM32CubeIDE/plugins/com.st.stm32cube.ide.mcu.externaltools.gnu-tools-for-stm32.12.3.rel1.win32_1.0.100.202403111256/tools/bin/../lib/gcc/arm-none-eabi/12.3.1/../../../../arm-none-eabi/bin/ld.exe: warning: ADC_singalC_multiChannel_interrupt.elf has a LOAD segment with RWX permissions
Finished building target: ADC_singalC_multiChannel_interrupt.elf
 
arm-none-eabi-size  ADC_singalC_multiChannel_interrupt.elf 
arm-none-eabi-objdump -h -S ADC_singalC_multiChannel_interrupt.elf  > "ADC_singalC_multiChannel_interrupt.list"
arm-none-eabi-objcopy  -O ihex ADC_singalC_multiChannel_interrupt.elf  "ADC_singalC_multiChannel_interrupt.hex"
   text	   data	    bss	    dec	    hex	filename
  25376	    476	   2116	  27968	   6d40	ADC_singalC_multiChannel_interrupt.elf
Finished building: default.size.stdout
 
Finished building: ADC_singalC_multiChannel_interrupt.hex
 
Finished building: ADC_singalC_multiChannel_interrupt.list
 

16:40:48 Build Finished. 0 errors, 1 warnings. (took 1s.99ms)

