17:44:53 **** Incremental Build of configuration Debug for project ADC_test ****
make -j4 all 
arm-none-eabi-gcc "../Core/Src/main.c" -mcpu=cortex-m3 -std=gnu11 -g3 -DDEBUG -DUSE_HAL_DRIVER -DSTM32F103x6 -c -I../Core/Inc -I../Drivers/STM32F1xx_HAL_Driver/Inc/Legacy -I../Drivers/STM32F1xx_HAL_Driver/Inc -I../Drivers/CMSIS/Device/ST/STM32F1xx/Include -I../Drivers/CMSIS/Include -O0 -ffunction-sections -fdata-sections -Wall -fstack-usage -fcyclomatic-complexity -MMD -MP -MF"Core/Src/main.d" -MT"Core/Src/main.o" --specs=nano.specs -mfloat-abi=soft -mthumb -o "Core/Src/main.o"
arm-none-eabi-gcc -o "ADC_test.elf" @"objects.list"   -mcpu=cortex-m3 -T"D:\PERSONAL DATA\Embedded-C\STM32\STM32F103C6\ADC_test\STM32F103C6TX_FLASH.ld" --specs=nosys.specs -Wl,-Map="ADC_test.map" -Wl,--gc-sections -static -u _printf_float --specs=nano.specs -mfloat-abi=soft -mthumb -Wl,--start-group -lc -lm -Wl,--end-group
Finished building target: ADC_test.elf
 
arm-none-eabi-size   ADC_test.elf 
arm-none-eabi-objdump -h -S  ADC_test.elf  > "ADC_test.list"
arm-none-eabi-objcopy  -O ihex  ADC_test.elf  "ADC_test.hex"
   text	   data	    bss	    dec	    hex	filename
  23680	    484	   1708	  25872	   6510	ADC_test.elf
Finished building: default.size.stdout
 
Finished building: ADC_test.hex
 
Finished building: ADC_test.list
 

17:44:54 Build Finished. 0 errors, 0 warnings. (took 960ms)

