12:40:45 **** Incremental Build of configuration Debug for project LCD_I2C ****
make -j4 all 
arm-none-eabi-gcc "../Core/Src/liquidcrystal_i2c.c" -mcpu=cortex-m0plus -std=gnu11 -g3 -DDEBUG -DUSE_NUCLEO_64 -DUSE_HAL_DRIVER -DSTM32C031xx -c -I../Core/Inc -I../Drivers/STM32C0xx_HAL_Driver/Inc -I../Drivers/STM32C0xx_HAL_Driver/Inc/Legacy -I../Drivers/BSP/STM32C0xx_Nucleo -I../Drivers/CMSIS/Device/ST/STM32C0xx/Include -I../Drivers/CMSIS/Include -O0 -ffunction-sections -fdata-sections -Wall -fstack-usage -fcyclomatic-complexity -MMD -MP -MF"Core/Src/liquidcrystal_i2c.d" -MT"Core/Src/liquidcrystal_i2c.o" --specs=nano.specs -mfloat-abi=soft -mthumb -o "Core/Src/liquidcrystal_i2c.o"
arm-none-eabi-gcc -o "LCD_I2C.elf" @"objects.list"   -mcpu=cortex-m0plus -T"E:\PERSONAL DATA\Embedded-C\STM32\STM32F103C6\LCD_I2C\STM32C031C6TX_FLASH.ld" --specs=nosys.specs -Wl,-Map="LCD_I2C.map" -Wl,--gc-sections -static --specs=nano.specs -mfloat-abi=soft -mthumb -Wl,--start-group -lc -lm -Wl,--end-group
Finished building target: LCD_I2C.elf
 
arm-none-eabi-size  LCD_I2C.elf 
arm-none-eabi-objdump -h -S LCD_I2C.elf  > "LCD_I2C.list"
arm-none-eabi-objcopy  -O ihex LCD_I2C.elf  "LCD_I2C.hex"
   text	   data	    bss	    dec	    hex	filename
  15340	     48	   2064	  17452	   442c	LCD_I2C.elf
arm-none-eabi-objcopy  -O binary LCD_I2C.elf  "LCD_I2C.bin"
Finished building: default.size.stdout
 
Finished building: LCD_I2C.hex
Finished building: LCD_I2C.bin
 
 
Finished building: LCD_I2C.list
 

12:40:46 Build Finished. 0 errors, 0 warnings. (took 1s.375ms)

