19:49:07 **** Incremental Build of configuration Debug for project SPIand25LC040 ****
make -j4 all 
arm-none-eabi-gcc "../Core/Src/main.c" -mcpu=cortex-m3 -std=gnu11 -g3 -DDEBUG -DUSE_HAL_DRIVER -DSTM32F103x6 -c -I../Core/Inc -I../Drivers/STM32F1xx_HAL_Driver/Inc/Legacy -I../Drivers/STM32F1xx_HAL_Driver/Inc -I../Drivers/CMSIS/Device/ST/STM32F1xx/Include -I../Drivers/CMSIS/Include -O0 -ffunction-sections -fdata-sections -Wall -fstack-usage -fcyclomatic-complexity -MMD -MP -MF"Core/Src/main.d" -MT"Core/Src/main.o" --specs=nano.specs -mfloat-abi=soft -mthumb -o "Core/Src/main.o"
arm-none-eabi-gcc -o "SPIand25LC040.elf" @"objects.list"   -mcpu=cortex-m3 -T"D:\PERSONAL DATA\Embedded-C\STM32\STM32F103C6\SPIand25LC040\STM32F103C6TX_FLASH.ld" --specs=nosys.specs -Wl,-Map="SPIand25LC040.map" -Wl,--gc-sections -static --specs=nano.specs -mfloat-abi=soft -mthumb -Wl,--start-group -lc -lm -Wl,--end-group
Finished building target: SPIand25LC040.elf
 
arm-none-eabi-size   SPIand25LC040.elf 
arm-none-eabi-objdump -h -S  SPIand25LC040.elf  > "SPIand25LC040.list"
arm-none-eabi-objcopy  -O ihex  SPIand25LC040.elf  "SPIand25LC040.hex"
   text	   data	    bss	    dec	    hex	filename
   3660	    112	   1592	   5364	   14f4	SPIand25LC040.elf
Finished building: default.size.stdout
Finished building: SPIand25LC040.list
Finished building: SPIand25LC040.hex
 
 
 

19:49:09 Build Finished. 0 errors, 0 warnings. (took 2s.486ms)

