22:06:48 **** Incremental Build of configuration Debug for project test ****
make -j4 all 
arm-none-eabi-gcc "../Core/Src/liquidcrystal_i2c.c" -mcpu=cortex-m0plus -std=gnu11 -g3 -DDEBUG -DUSE_NUCLEO_64 -DUSE_HAL_DRIVER -DSTM32C031xx -c -I../Core/Inc -I../Drivers/STM32C0xx_HAL_Driver/Inc -I../Drivers/STM32C0xx_HAL_Driver/Inc/Legacy -I../Drivers/BSP/STM32C0xx_Nucleo -I../Drivers/CMSIS/Device/ST/STM32C0xx/Include -I../Drivers/CMSIS/Include -O0 -ffunction-sections -fdata-sections -Wall -fstack-usage -fcyclomatic-complexity -MMD -MP -MF"Core/Src/liquidcrystal_i2c.d" -MT"Core/Src/liquidcrystal_i2c.o" --specs=nano.specs -mfloat-abi=soft -mthumb -o "Core/Src/liquidcrystal_i2c.o"
../Core/Src/liquidcrystal_i2c.c: In function 'DelayUS':
../Core/Src/liquidcrystal_i2c.c:284:15: warning: 'cnt' is used uninitialized [-Wuninitialized]
  284 |   } while(cnt < cycles);
      |           ~~~~^~~~~~~~
../Core/Src/liquidcrystal_i2c.c:279:21: note: 'cnt' declared here
  279 |   volatile uint32_t cnt;
      |                     ^~~
arm-none-eabi-gcc -o "test.elf" @"objects.list"   -mcpu=cortex-m0plus -T"E:\PERSONAL DATA\Embedded-C\STM32\STM32F103C6\test\STM32C031C6TX_FLASH.ld" --specs=nosys.specs -Wl,-Map="test.map" -Wl,--gc-sections -static --specs=nano.specs -mfloat-abi=soft -mthumb -Wl,--start-group -lc -lm -Wl,--end-group
Finished building target: test.elf
 
arm-none-eabi-size  test.elf 
arm-none-eabi-objdump -h -S test.elf  > "test.list"
   text	   data	    bss	    dec	    hex	filename
  12508	     48	   1840	  14396	   383c	test.elf
arm-none-eabi-objcopy  -O ihex test.elf  "test.hex"
arm-none-eabi-objcopy  -O binary test.elf  "test.bin"
Finished building: default.size.stdout
 
Finished building: test.hex
 
Finished building: test.bin
 
Finished building: test.list
 

22:06:50 Build Finished. 0 errors, 1 warnings. (took 1s.452ms)

